Archive member included to satisfy reference by file (symbol)

/opt/st/stm32cubeide_1.17.0/plugins/com.st.stm32cube.ide.mcu.externaltools.gnu-tools-for-stm32.12.3.rel1.linux64_1.1.0.202410170702/tools/bin/../lib/gcc/arm-none-eabi/12.3.1/../../../../arm-none-eabi/lib/thumb/v6-m/nofp/libc_nano.a(libc_a-exit.o)
                              /opt/st/stm32cubeide_1.17.0/plugins/com.st.stm32cube.ide.mcu.externaltools.gnu-tools-for-stm32.12.3.rel1.linux64_1.1.0.202410170702/tools/bin/../lib/gcc/arm-none-eabi/12.3.1/../../../../arm-none-eabi/lib/thumb/v6-m/nofp/crt0.o (exit)
/opt/st/stm32cubeide_1.17.0/plugins/com.st.stm32cube.ide.mcu.externaltools.gnu-tools-for-stm32.12.3.rel1.linux64_1.1.0.202410170702/tools/bin/../lib/gcc/arm-none-eabi/12.3.1/../../../../arm-none-eabi/lib/thumb/v6-m/nofp/libc_nano.a(libc_a-findfp.o)
                              /opt/st/stm32cubeide_1.17.0/plugins/com.st.stm32cube.ide.mcu.externaltools.gnu-tools-for-stm32.12.3.rel1.linux64_1.1.0.202410170702/tools/bin/../lib/gcc/arm-none-eabi/12.3.1/../../../../arm-none-eabi/lib/thumb/v6-m/nofp/libc_nano.a(libc_a-exit.o) (__stdio_exit_handler)
/opt/st/stm32cubeide_1.17.0/plugins/com.st.stm32cube.ide.mcu.externaltools.gnu-tools-for-stm32.12.3.rel1.linux64_1.1.0.202410170702/tools/bin/../lib/gcc/arm-none-eabi/12.3.1/../../../../arm-none-eabi/lib/thumb/v6-m/nofp/libc_nano.a(libc_a-fwalk.o)
                              /opt/st/stm32cubeide_1.17.0/plugins/com.st.stm32cube.ide.mcu.externaltools.gnu-tools-for-stm32.12.3.rel1.linux64_1.1.0.202410170702/tools/bin/../lib/gcc/arm-none-eabi/12.3.1/../../../../arm-none-eabi/lib/thumb/v6-m/nofp/libc_nano.a(libc_a-findfp.o) (_fwalk_sglue)
/opt/st/stm32cubeide_1.17.0/plugins/com.st.stm32cube.ide.mcu.externaltools.gnu-tools-for-stm32.12.3.rel1.linux64_1.1.0.202410170702/tools/bin/../lib/gcc/arm-none-eabi/12.3.1/../../../../arm-none-eabi/lib/thumb/v6-m/nofp/libc_nano.a(libc_a-stdio.o)
                              /opt/st/stm32cubeide_1.17.0/plugins/com.st.stm32cube.ide.mcu.externaltools.gnu-tools-for-stm32.12.3.rel1.linux64_1.1.0.202410170702/tools/bin/../lib/gcc/arm-none-eabi/12.3.1/../../../../arm-none-eabi/lib/thumb/v6-m/nofp/libc_nano.a(libc_a-findfp.o) (__sread)
/opt/st/stm32cubeide_1.17.0/plugins/com.st.stm32cube.ide.mcu.externaltools.gnu-tools-for-stm32.12.3.rel1.linux64_1.1.0.202410170702/tools/bin/../lib/gcc/arm-none-eabi/12.3.1/../../../../arm-none-eabi/lib/thumb/v6-m/nofp/libc_nano.a(libc_a-memset.o)
                              /opt/st/stm32cubeide_1.17.0/plugins/com.st.stm32cube.ide.mcu.externaltools.gnu-tools-for-stm32.12.3.rel1.linux64_1.1.0.202410170702/tools/bin/../lib/gcc/arm-none-eabi/12.3.1/../../../../arm-none-eabi/lib/thumb/v6-m/nofp/crt0.o (memset)
/opt/st/stm32cubeide_1.17.0/plugins/com.st.stm32cube.ide.mcu.externaltools.gnu-tools-for-stm32.12.3.rel1.linux64_1.1.0.202410170702/tools/bin/../lib/gcc/arm-none-eabi/12.3.1/../../../../arm-none-eabi/lib/thumb/v6-m/nofp/libc_nano.a(libc_a-closer.o)
                              /opt/st/stm32cubeide_1.17.0/plugins/com.st.stm32cube.ide.mcu.externaltools.gnu-tools-for-stm32.12.3.rel1.linux64_1.1.0.202410170702/tools/bin/../lib/gcc/arm-none-eabi/12.3.1/../../../../arm-none-eabi/lib/thumb/v6-m/nofp/libc_nano.a(libc_a-stdio.o) (_close_r)
/opt/st/stm32cubeide_1.17.0/plugins/com.st.stm32cube.ide.mcu.externaltools.gnu-tools-for-stm32.12.3.rel1.linux64_1.1.0.202410170702/tools/bin/../lib/gcc/arm-none-eabi/12.3.1/../../../../arm-none-eabi/lib/thumb/v6-m/nofp/libc_nano.a(libc_a-reent.o)
                              /opt/st/stm32cubeide_1.17.0/plugins/com.st.stm32cube.ide.mcu.externaltools.gnu-tools-for-stm32.12.3.rel1.linux64_1.1.0.202410170702/tools/bin/../lib/gcc/arm-none-eabi/12.3.1/../../../../arm-none-eabi/lib/thumb/v6-m/nofp/libc_nano.a(libc_a-closer.o) (errno)
/opt/st/stm32cubeide_1.17.0/plugins/com.st.stm32cube.ide.mcu.externaltools.gnu-tools-for-stm32.12.3.rel1.linux64_1.1.0.202410170702/tools/bin/../lib/gcc/arm-none-eabi/12.3.1/../../../../arm-none-eabi/lib/thumb/v6-m/nofp/libc_nano.a(libc_a-impure.o)
                              /opt/st/stm32cubeide_1.17.0/plugins/com.st.stm32cube.ide.mcu.externaltools.gnu-tools-for-stm32.12.3.rel1.linux64_1.1.0.202410170702/tools/bin/../lib/gcc/arm-none-eabi/12.3.1/../../../../arm-none-eabi/lib/thumb/v6-m/nofp/libc_nano.a(libc_a-reent.o) (_impure_ptr)
/opt/st/stm32cubeide_1.17.0/plugins/com.st.stm32cube.ide.mcu.externaltools.gnu-tools-for-stm32.12.3.rel1.linux64_1.1.0.202410170702/tools/bin/../lib/gcc/arm-none-eabi/12.3.1/../../../../arm-none-eabi/lib/thumb/v6-m/nofp/libc_nano.a(libc_a-lseekr.o)
                              /opt/st/stm32cubeide_1.17.0/plugins/com.st.stm32cube.ide.mcu.externaltools.gnu-tools-for-stm32.12.3.rel1.linux64_1.1.0.202410170702/tools/bin/../lib/gcc/arm-none-eabi/12.3.1/../../../../arm-none-eabi/lib/thumb/v6-m/nofp/libc_nano.a(libc_a-stdio.o) (_lseek_r)
[...]
Memory Configuration

Name             Origin             Length             Attributes
RAM              0x20000000         0x00005000         xrw
FLASH            0x08000000         0x00020000         xr
*default*        0x00000000         0xffffffff

Linker script and memory map

LOAD /opt/st/stm32cubeide_1.17.0/plugins/com.st.stm32cube.ide.mcu.externaltools.gnu-tools-for-stm32.12.3.rel1.linux64_1.1.0.202410170702/tools/bin/../lib/gcc/arm-none-eabi/12.3.1/thumb/v6-m/nofp/crti.o
LOAD /opt/st/stm32cubeide_1.17.0/plugins/com.st.stm32cube.ide.mcu.externaltools.gnu-tools-for-stm32.12.3.rel1.linux64_1.1.0.202410170702/tools/bin/../lib/gcc/arm-none-eabi/12.3.1/thumb/v6-m/nofp/crtbegin.o
LOAD /opt/st/stm32cubeide_1.17.0/plugins/com.st.stm32cube.ide.mcu.externaltools.gnu-tools-for-stm32.12.3.rel1.linux64_1.1.0.202410170702/tools/bin/../lib/gcc/arm-none-eabi/12.3.1/../../../../arm-none-eabi/lib/thumb/v6-m/nofp/crt0.o
LOAD ./Core/Src/command_parser.o
LOAD ./Core/Src/main.o
LOAD ./Core/Src/motor_controls.o
LOAD ./Core/Src/stm32l0xx_hal_msp.o
LOAD ./Core/Src/stm32l0xx_it.o
LOAD ./Core/Src/syscalls.o
LOAD ./Core/Src/sysmem.o
LOAD ./Core/Src/system_state.o
LOAD ./Core/Src/system_stm32l0xx.o
LOAD ./Core/Src/uart_handler.o
LOAD ./Core/Startup/startup_stm32l010rbtx.o
LOAD ./Drivers/STM32L0xx_HAL_Driver/Src/stm32l0xx_hal.o
LOAD ./Drivers/STM32L0xx_HAL_Driver/Src/stm32l0xx_hal_cortex.o
LOAD ./Drivers/STM32L0xx_HAL_Driver/Src/stm32l0xx_hal_dma.o
LOAD ./Drivers/STM32L0xx_HAL_Driver/Src/stm32l0xx_hal_exti.o
LOAD ./Drivers/STM32L0xx_HAL_Driver/Src/stm32l0xx_hal_flash.o
LOAD ./Drivers/STM32L0xx_HAL_Driver/Src/stm32l0xx_hal_flash_ex.o
LOAD ./Drivers/STM32L0xx_HAL_Driver/Src/stm32l0xx_hal_flash_ramfunc.o
LOAD ./Drivers/STM32L0xx_HAL_Driver/Src/stm32l0xx_hal_gpio.o
LOAD ./Drivers/STM32L0xx_HAL_Driver/Src/stm32l0xx_hal_i2c.o
LOAD ./Drivers/STM32L0xx_HAL_Driver/Src/stm32l0xx_hal_i2c_ex.o
LOAD ./Drivers/STM32L0xx_HAL_Driver/Src/stm32l0xx_hal_pwr.o
LOAD ./Drivers/STM32L0xx_HAL_Driver/Src/stm32l0xx_hal_pwr_ex.o
LOAD ./Drivers/STM32L0xx_HAL_Driver/Src/stm32l0xx_hal_rcc.o
LOAD ./Drivers/STM32L0xx_HAL_Driver/Src/stm32l0xx_hal_rcc_ex.o
LOAD ./Drivers/STM32L0xx_HAL_Driver/Src/stm32l0xx_hal_tim.o
LOAD ./Drivers/STM32L0xx_HAL_Driver/Src/stm32l0xx_hal_tim_ex.o
LOAD ./Drivers/STM32L0xx_HAL_Driver/Src/stm32l0xx_hal_uart.o
LOAD ./Drivers/STM32L0xx_HAL_Driver/Src/stm32l0xx_hal_uart_ex.o
START GROUP
LOAD /opt/st/stm32cubeide_1.17.0/plugins/com.st.stm32cube.ide.mcu.externaltools.gnu-tools-for-stm32.12.3.rel1.linux64_1.1.0.202410170702/tools/bin/../lib/gcc/arm-none-eabi/12.3.1/../../../../arm-none-eabi/lib/thumb/v6-m/nofp/libc_nano.a
LOAD /opt/st/stm32cubeide_1.17.0/plugins/com.st.stm32cube.ide.mcu.externaltools.gnu-tools-for-stm32.12.3.rel1.linux64_1.1.0.202410170702/tools/bin/../lib/gcc/arm-none-eabi/12.3.1/../../../../arm-none-eabi/lib/thumb/v6-m/nofp/libm.a
END GROUP
START GROUP
LOAD /opt/st/stm32cubeide_1.17.0/plugins/com.st.stm32cube.ide.mcu.externaltools.gnu-tools-for-stm32.12.3.rel1.linux64_1.1.0.202410170702/tools/bin/../lib/gcc/arm-none-eabi/12.3.1/thumb/v6-m/nofp/libgcc.a
LOAD /opt/st/stm32cubeide_1.17.0/plugins/com.st.stm32cube.ide.mcu.externaltools.gnu-tools-for-stm32.12.3.rel1.linux64_1.1.0.202410170702/tools/bin/../lib/gcc/arm-none-eabi/12.3.1/../../../../arm-none-eabi/lib/thumb/v6-m/nofp/libc_nano.a
END GROUP
START GROUP
LOAD /opt/st/stm32cubeide_1.17.0/plugins/com.st.stm32cube.ide.mcu.externaltools.gnu-tools-for-stm32.12.3.rel1.linux64_1.1.0.202410170702/tools/bin/../lib/gcc/arm-none-eabi/12.3.1/thumb/v6-m/nofp/libgcc.a
LOAD /opt/st/stm32cubeide_1.17.0/plugins/com.st.stm32cube.ide.mcu.externaltools.gnu-tools-for-stm32.12.3.rel1.linux64_1.1.0.202410170702/tools/bin/../lib/gcc/arm-none-eabi/12.3.1/../../../../arm-none-eabi/lib/thumb/v6-m/nofp/libc_nano.a
LOAD /opt/st/stm32cubeide_1.17.0/plugins/com.st.stm32cube.ide.mcu.externaltools.gnu-tools-for-stm32.12.3.rel1.linux64_1.1.0.202410170702/tools/bin/../lib/gcc/arm-none-eabi/12.3.1/../../../../arm-none-eabi/lib/thumb/v6-m/nofp/libnosys.a
END GROUP
START GROUP
LOAD /opt/st/stm32cubeide_1.17.0/plugins/com.st.stm32cube.ide.mcu.externaltools.gnu-tools-for-stm32.12.3.rel1.linux64_1.1.0.202410170702/tools/bin/../lib/gcc/arm-none-eabi/12.3.1/thumb/v6-m/nofp/libgcc.a
LOAD /opt/st/stm32cubeide_1.17.0/plugins/com.st.stm32cube.ide.mcu.externaltools.gnu-tools-for-stm32.12.3.rel1.linux64_1.1.0.202410170702/tools/bin/../lib/gcc/arm-none-eabi/12.3.1/../../../../arm-none-eabi/lib/thumb/v6-m/nofp/libc_nano.a
LOAD /opt/st/stm32cubeide_1.17.0/plugins/com.st.stm32cube.ide.mcu.externaltools.gnu-tools-for-stm32.12.3.rel1.linux64_1.1.0.202410170702/tools/bin/../lib/gcc/arm-none-eabi/12.3.1/../../../../arm-none-eabi/lib/thumb/v6-m/nofp/libnosys.a
END GROUP
LOAD /opt/st/stm32cubeide_1.17.0/plugins/com.st.stm32cube.ide.mcu.externaltools.gnu-tools-for-stm32.12.3.rel1.linux64_1.1.0.202410170702/tools/bin/../lib/gcc/arm-none-eabi/12.3.1/thumb/v6-m/nofp/crtend.o
LOAD /opt/st/stm32cubeide_1.17.0/plugins/com.st.stm32cube.ide.mcu.externaltools.gnu-tools-for-stm32.12.3.rel1.linux64_1.1.0.202410170702/tools/bin/../lib/gcc/arm-none-eabi/12.3.1/thumb/v6-m/nofp/crtn.o
                0x20005000                        _estack = (ORIGIN (RAM) + LENGTH (RAM))
                0x00000200                        _Min_Heap_Size = 0x200
                0x00000400                        _Min_Stack_Size = 0x400

.isr_vector     0x08000000       0xc0
                0x08000000                        . = ALIGN (0x4)
 *(.isr_vector)
 .isr_vector    0x08000000       0xc0 ./Core/Startup/startup_stm32l010rbtx.o
                0x08000000                g_pfnVectors
                0x080000c0                        . = ALIGN (0x4)

.text           0x080000c0     0x479c
                0x080000c0                        . = ALIGN (0x4)
 *(.text)
 .text          0x080000c0       0x48 /opt/st/stm32cubeide_1.17.0/plugins/com.st.stm32cube.ide.mcu.externaltools.gnu-tools-for-stm32.12.3.rel1.linux64_1.1.0.202410170702/tools/bin/../lib/gcc/arm-none-eabi/12.3.1/thumb/v6-m/nofp/crtbegin.o
 .text          0x08000108      0x114 /opt/st/stm32cubeide_1.17.0/plugins/com.st.stm32cube.ide.mcu.externaltools.gnu-tools-for-stm32.12.3.rel1.linux64_1.1.0.202410170702/tools/bin/../lib/gcc/arm-none-eabi/12.3.1/thumb/v6-m/nofp/libgcc.a(_udivsi3.o)
                0x08000108                __udivsi3
                0x08000108                __aeabi_uidiv
                0x08000214                __aeabi_uidivmod
 .text          0x0800021c      0x1d4 /opt/st/stm32cubeide_1.17.0/plugins/com.st.stm32cube.ide.mcu.externaltools.gnu-tools-for-stm32.12.3.rel1.linux64_1.1.0.202410170702/tools/bin/../lib/gcc/arm-none-eabi/12.3.1/thumb/v6-m/nofp/libgcc.a(_divsi3.o)
                0x0800021c                __aeabi_idiv
                0x0800021c                __divsi3
                0x080003e8                __aeabi_idivmod
 .text          0x080003f0        0x4 /opt/st/stm32cubeide_1.17.0/plugins/com.st.stm32cube.ide.mcu.externaltools.gnu-tools-for-stm32.12.3.rel1.linux64_1.1.0.202410170702/tools/bin/../lib/gcc/arm-none-eabi/12.3.1/thumb/v6-m/nofp/libgcc.a(_dvmd_tls.o)
                0x080003f0                __aeabi_ldiv0
                0x080003f0                __aeabi_idiv0
 .text          0x080003f4       0x40 /opt/st/stm32cubeide_1.17.0/plugins/com.st.stm32cube.ide.mcu.externaltools.gnu-tools-for-stm32.12.3.rel1.linux64_1.1.0.202410170702/tools/bin/../lib/gcc/arm-none-eabi/12.3.1/thumb/v6-m/nofp/libgcc.a(_aeabi_uldivmod.o)
                0x080003f4                __aeabi_uldivmod
 .text          0x08000434      0x198 /opt/st/stm32cubeide_1.17.0/plugins/com.st.stm32cube.ide.mcu.externaltools.gnu-tools-for-stm32.12.3.rel1.linux64_1.1.0.202410170702/tools/bin/../lib/gcc/arm-none-eabi/12.3.1/thumb/v6-m/nofp/libgcc.a(_udivmoddi4.o)
                0x08000434                __udivmoddi4
 .text          0x080005cc       0x18 /opt/st/stm32cubeide_1.17.0/plugins/com.st.stm32cube.ide.mcu.externaltools.gnu-tools-for-stm32.12.3.rel1.linux64_1.1.0.202410170702/tools/bin/../lib/gcc/arm-none-eabi/12.3.1/thumb/v6-m/nofp/libgcc.a(_clzdi2.o)
                0x080005cc                __clzdi2
 .text          0x080005e4       0x3c /opt/st/stm32cubeide_1.17.0/plugins/com.st.stm32cube.ide.mcu.externaltools.gnu-tools-for-stm32.12.3.rel1.linux64_1.1.0.202410170702/tools/bin/../lib/gcc/arm-none-eabi/12.3.1/thumb/v6-m/nofp/libgcc.a(_clzsi2.o)
                0x080005e4                __clzsi2
 *(.text*)
 .text.hb       0x08000620       0x1e ./Core/Src/command_parser.o
                0x08000620                hb
 .text.lb       0x0800063e       0x1a ./Core/Src/command_parser.o
                0x0800063e                lb
 .text.transmit_error
                0x08000658       0x3c ./Core/Src/command_parser.o
                0x08000658                transmit_error
 .text.motors_busy
                0x08000694       0x24 ./Core/Src/command_parser.o
                0x08000694                motors_busy
 .text.good_step_value
                0x080006b8       0x64 ./Core/Src/command_parser.o
                0x080006b8                good_step_value
 .text.ParseCommand
                0x0800071c      0x3f8 ./Core/Src/command_parser.o
                0x0800071c                ParseCommand
 .text.main     0x08000b14       0x38 ./Core/Src/main.o
                0x08000b14                main
 .text.SystemClock_Config
                0x08000b4c       0xe4 ./Core/Src/main.o
                0x08000b4c                SystemClock_Config
 .text.MX_TIM21_Init
                0x08000c30       0xac ./Core/Src/main.o
 .text.MX_TIM22_Init
                0x08000cdc       0xac ./Core/Src/main.o
 .text.MX_USART2_UART_Init
                0x08000d88       0x60 ./Core/Src/main.o
 .text.MX_GPIO_Init
                0x08000de8       0xdc ./Core/Src/main.o
 .text.Error_Handler
                0x08000ec4        0xc ./Core/Src/main.o
                0x08000ec4                Error_Handler
 .text.start_motor_movement
                0x08000ed0       0xa8 ./Core/Src/motor_controls.o
                0x08000ed0                start_motor_movement
 .text.dance    0x08000f78        0xa ./Core/Src/motor_controls.o
                0x08000f78                dance
 *fill*         0x08000f82        0x2 
 .text.move_motor_by
                0x08000f84       0x94 ./Core/Src/motor_controls.o
                0x08000f84                move_motor_by
 .text.HAL_TIM_PeriodElapsedCallback
                0x08001018      0x124 ./Core/Src/motor_controls.o
                0x08001018                HAL_TIM_PeriodElapsedCallback
 .text.HAL_MspInit
                0x0800113c       0x28 ./Core/Src/stm32l0xx_hal_msp.o
                0x0800113c                HAL_MspInit
 .text.HAL_TIM_Base_MspInit
                0x08001164       0x6c ./Core/Src/stm32l0xx_hal_msp.o
                0x08001164                HAL_TIM_Base_MspInit
 .text.HAL_UART_MspInit
                0x080011d0       0x98 ./Core/Src/stm32l0xx_hal_msp.o
                0x080011d0                HAL_UART_MspInit
 .text.NMI_Handler
                0x08001268        0x8 ./Core/Src/stm32l0xx_it.o
                0x08001268                NMI_Handler
 .text.HardFault_Handler
                0x08001270        0x8 ./Core/Src/stm32l0xx_it.o
                0x08001270                HardFault_Handler
 .text.SVC_Handler
                0x08001278        0xa ./Core/Src/stm32l0xx_it.o
                0x08001278                SVC_Handler
 .text.PendSV_Handler
                0x08001282        0xa ./Core/Src/stm32l0xx_it.o
                0x08001282                PendSV_Handler
 .text.SysTick_Handler
                0x0800128c        0xe ./Core/Src/stm32l0xx_it.o
                0x0800128c                SysTick_Handler
 *fill*         0x0800129a        0x2 
 .text.TIM21_IRQHandler
                0x0800129c       0x18 ./Core/Src/stm32l0xx_it.o
                0x0800129c                TIM21_IRQHandler
 .text.TIM22_IRQHandler
                0x080012b4       0x18 ./Core/Src/stm32l0xx_it.o
                0x080012b4                TIM22_IRQHandler
 .text.USART2_IRQHandler
                0x080012cc       0x18 ./Core/Src/stm32l0xx_it.o
                0x080012cc                USART2_IRQHandler
 .text.SystemInit
                0x080012e4        0xa ./Core/Src/system_stm32l0xx.o
                0x080012e4                SystemInit
 *fill*         0x080012ee        0x2 
 .text.UART_StartReceiving
                0x080012f0       0x28 ./Core/Src/uart_handler.o
                0x080012f0                UART_StartReceiving
 .text.HAL_UART_RxCpltCallback
                0x08001318       0xb0 ./Core/Src/uart_handler.o
                0x08001318                HAL_UART_RxCpltCallback
 .text.Reset_Handler
                0x080013c8       0x80 ./Core/Startup/startup_stm32l010rbtx.o
                0x080013c8                Reset_Handler
 .text.Default_Handler
                0x08001448        0x2 ./Core/Startup/startup_stm32l010rbtx.o
                0x08001448                I2C1_IRQHandler
                0x08001448                SPI1_IRQHandler
                0x08001448                EXTI2_3_IRQHandler
                0x08001448                ADC1_IRQHandler
                0x08001448                RTC_IRQHandler
                0x08001448                DMA1_Channel4_5_6_7_IRQHandler
                0x08001448                EXTI4_15_IRQHandler
                0x08001448                RCC_IRQHandler
                0x08001448                DMA1_Channel1_IRQHandler
                0x08001448                Default_Handler
                0x08001448                EXTI0_1_IRQHandler
                0x08001448                WWDG_IRQHandler
                0x08001448                LPUART1_IRQHandler
                0x08001448                TIM2_IRQHandler
                0x08001448                DMA1_Channel2_3_IRQHandler
                0x08001448                FLASH_IRQHandler
                0x08001448                LPTIM1_IRQHandler
 *fill*         0x0800144a        0x2 
 .text.HAL_Init
                0x0800144c       0x40 ./Drivers/STM32L0xx_HAL_Driver/Src/stm32l0xx_hal.o
                0x0800144c                HAL_Init
 .text.HAL_InitTick
                0x0800148c       0x68 ./Drivers/STM32L0xx_HAL_Driver/Src/stm32l0xx_hal.o
                0x0800148c                HAL_InitTick
 .text.HAL_IncTick
                0x080014f4       0x24 ./Drivers/STM32L0xx_HAL_Driver/Src/stm32l0xx_hal.o
                0x080014f4                HAL_IncTick
 .text.HAL_GetTick
                0x08001518       0x14 ./Drivers/STM32L0xx_HAL_Driver/Src/stm32l0xx_hal.o
                0x08001518                HAL_GetTick
 .text.__NVIC_EnableIRQ
                0x0800152c       0x34 ./Drivers/STM32L0xx_HAL_Driver/Src/stm32l0xx_hal_cortex.o
 .text.__NVIC_SetPriority
                0x08001560       0xdc ./Drivers/STM32L0xx_HAL_Driver/Src/stm32l0xx_hal_cortex.o
 .text.SysTick_Config
                0x0800163c       0x48 ./Drivers/STM32L0xx_HAL_Driver/Src/stm32l0xx_hal_cortex.o
 .text.HAL_NVIC_SetPriority
                0x08001684       0x2a ./Drivers/STM32L0xx_HAL_Driver/Src/stm32l0xx_hal_cortex.o
                0x08001684                HAL_NVIC_SetPriority
 .text.HAL_NVIC_EnableIRQ
                0x080016ae       0x20 ./Drivers/STM32L0xx_HAL_Driver/Src/stm32l0xx_hal_cortex.o
                0x080016ae                HAL_NVIC_EnableIRQ
 .text.HAL_SYSTICK_Config
                0x080016ce       0x1a ./Drivers/STM32L0xx_HAL_Driver/Src/stm32l0xx_hal_cortex.o
                0x080016ce                HAL_SYSTICK_Config
 .text.HAL_DMA_Abort
                0x080016e8       0x80 ./Drivers/STM32L0xx_HAL_Driver/Src/stm32l0xx_hal_dma.o
                0x080016e8                HAL_DMA_Abort
 .text.HAL_DMA_Abort_IT
                0x08001768       0x8e ./Drivers/STM32L0xx_HAL_Driver/Src/stm32l0xx_hal_dma.o
                0x08001768                HAL_DMA_Abort_IT
 *fill*         0x080017f6        0x2 
 .text.HAL_GPIO_Init
                0x080017f8      0x2fc ./Drivers/STM32L0xx_HAL_Driver/Src/stm32l0xx_hal_gpio.o
                0x080017f8                HAL_GPIO_Init
 .text.HAL_GPIO_ReadPin
                0x08001af4       0x3a ./Drivers/STM32L0xx_HAL_Driver/Src/stm32l0xx_hal_gpio.o
                0x08001af4                HAL_GPIO_ReadPin
 .text.HAL_GPIO_WritePin
                0x08001b2e       0x3a ./Drivers/STM32L0xx_HAL_Driver/Src/stm32l0xx_hal_gpio.o
                0x08001b2e                HAL_GPIO_WritePin
 .text.HAL_GPIO_TogglePin
                0x08001b68       0x36 ./Drivers/STM32L0xx_HAL_Driver/Src/stm32l0xx_hal_gpio.o
                0x08001b68                HAL_GPIO_TogglePin
 *fill*         0x08001b9e        0x2 
 .text.HAL_RCC_OscConfig
                0x08001ba0      0x6f8 ./Drivers/STM32L0xx_HAL_Driver/Src/stm32l0xx_hal_rcc.o
                0x08001ba0                HAL_RCC_OscConfig
 .text.HAL_RCC_ClockConfig
                0x08002298      0x290 ./Drivers/STM32L0xx_HAL_Driver/Src/stm32l0xx_hal_rcc.o
                0x08002298                HAL_RCC_ClockConfig
 .text.HAL_RCC_GetSysClockFreq
                0x08002528      0x10c ./Drivers/STM32L0xx_HAL_Driver/Src/stm32l0xx_hal_rcc.o
                0x08002528                HAL_RCC_GetSysClockFreq
 .text.HAL_RCC_GetHCLKFreq
                0x08002634       0x14 ./Drivers/STM32L0xx_HAL_Driver/Src/stm32l0xx_hal_rcc.o
                0x08002634                HAL_RCC_GetHCLKFreq
 .text.HAL_RCC_GetPCLK1Freq
                0x08002648       0x2c ./Drivers/STM32L0xx_HAL_Driver/Src/stm32l0xx_hal_rcc.o
                0x08002648                HAL_RCC_GetPCLK1Freq
 .text.HAL_RCC_GetPCLK2Freq
                0x08002674       0x2c ./Drivers/STM32L0xx_HAL_Driver/Src/stm32l0xx_hal_rcc.o
                0x08002674                HAL_RCC_GetPCLK2Freq
 .text.HAL_RCCEx_PeriphCLKConfig
                0x080026a0      0x258 ./Drivers/STM32L0xx_HAL_Driver/Src/stm32l0xx_hal_rcc_ex.o
                0x080026a0                HAL_RCCEx_PeriphCLKConfig
 .text.HAL_TIM_Base_Init
                0x080028f8       0x80 ./Drivers/STM32L0xx_HAL_Driver/Src/stm32l0xx_hal_tim.o
                0x080028f8                HAL_TIM_Base_Init
 .text.HAL_TIM_Base_Start_IT
                0x08002978       0x98 ./Drivers/STM32L0xx_HAL_Driver/Src/stm32l0xx_hal_tim.o
                0x08002978                HAL_TIM_Base_Start_IT
 .text.HAL_TIM_Base_Stop_IT
                0x08002a10       0x4c ./Drivers/STM32L0xx_HAL_Driver/Src/stm32l0xx_hal_tim.o
                0x08002a10                HAL_TIM_Base_Stop_IT
 .text.HAL_TIM_IRQHandler
                0x08002a5c      0x198 ./Drivers/STM32L0xx_HAL_Driver/Src/stm32l0xx_hal_tim.o
                0x08002a5c                HAL_TIM_IRQHandler
 .text.HAL_TIM_ConfigClockSource
                0x08002bf4      0x1a8 ./Drivers/STM32L0xx_HAL_Driver/Src/stm32l0xx_hal_tim.o
                0x08002bf4                HAL_TIM_ConfigClockSource
 .text.HAL_TIM_OC_DelayElapsedCallback
                0x08002d9c       0x10 ./Drivers/STM32L0xx_HAL_Driver/Src/stm32l0xx_hal_tim.o
                0x08002d9c                HAL_TIM_OC_DelayElapsedCallback
 .text.HAL_TIM_IC_CaptureCallback
                0x08002dac       0x10 ./Drivers/STM32L0xx_HAL_Driver/Src/stm32l0xx_hal_tim.o
                0x08002dac                HAL_TIM_IC_CaptureCallback
 .text.HAL_TIM_PWM_PulseFinishedCallback
                0x08002dbc       0x10 ./Drivers/STM32L0xx_HAL_Driver/Src/stm32l0xx_hal_tim.o
                0x08002dbc                HAL_TIM_PWM_PulseFinishedCallback
 .text.HAL_TIM_TriggerCallback
                0x08002dcc       0x10 ./Drivers/STM32L0xx_HAL_Driver/Src/stm32l0xx_hal_tim.o
                0x08002dcc                HAL_TIM_TriggerCallback
 .text.TIM_Base_SetConfig
                0x08002ddc       0xb4 ./Drivers/STM32L0xx_HAL_Driver/Src/stm32l0xx_hal_tim.o
 .text.TIM_TI1_ConfigInputStage
                0x08002e90       0x5c ./Drivers/STM32L0xx_HAL_Driver/Src/stm32l0xx_hal_tim.o
 .text.TIM_TI2_ConfigInputStage
                0x08002eec       0x64 ./Drivers/STM32L0xx_HAL_Driver/Src/stm32l0xx_hal_tim.o
 .text.TIM_ITRx_SetConfig
                0x08002f50       0x32 ./Drivers/STM32L0xx_HAL_Driver/Src/stm32l0xx_hal_tim.o
 *fill*         0x08002f82        0x2 
 .text.TIM_ETR_SetConfig
                0x08002f84       0x40 ./Drivers/STM32L0xx_HAL_Driver/Src/stm32l0xx_hal_tim.o
 .text.HAL_TIMEx_MasterConfigSynchronization
                0x08002fc4       0xb0 ./Drivers/STM32L0xx_HAL_Driver/Src/stm32l0xx_hal_tim_ex.o
                0x08002fc4                HAL_TIMEx_MasterConfigSynchronization
 .text.HAL_UART_Init
                0x08003074       0xa8 ./Drivers/STM32L0xx_HAL_Driver/Src/stm32l0xx_hal_uart.o
                0x08003074                HAL_UART_Init
 .text.HAL_UART_Transmit
                0x0800311c      0x13e ./Drivers/STM32L0xx_HAL_Driver/Src/stm32l0xx_hal_uart.o
                0x0800311c                HAL_UART_Transmit
 *fill*         0x0800325a        0x2 
 .text.HAL_UART_Receive_IT
                0x0800325c       0xbc ./Drivers/STM32L0xx_HAL_Driver/Src/stm32l0xx_hal_uart.o
                0x0800325c                HAL_UART_Receive_IT
 .text.HAL_UART_IRQHandler
                0x08003318      0x600 ./Drivers/STM32L0xx_HAL_Driver/Src/stm32l0xx_hal_uart.o
                0x08003318                HAL_UART_IRQHandler
 .text.HAL_UART_TxCpltCallback
                0x08003918       0x10 ./Drivers/STM32L0xx_HAL_Driver/Src/stm32l0xx_hal_uart.o
                0x08003918                HAL_UART_TxCpltCallback
 .text.HAL_UART_ErrorCallback
                0x08003928       0x10 ./Drivers/STM32L0xx_HAL_Driver/Src/stm32l0xx_hal_uart.o
                0x08003928                HAL_UART_ErrorCallback
 .text.HAL_UARTEx_RxEventCallback
                0x08003938       0x16 ./Drivers/STM32L0xx_HAL_Driver/Src/stm32l0xx_hal_uart.o
                0x08003938                HAL_UARTEx_RxEventCallback
 *fill*         0x0800394e        0x2 
 .text.UART_SetConfig
                0x08003950      0x494 ./Drivers/STM32L0xx_HAL_Driver/Src/stm32l0xx_hal_uart.o
                0x08003950                UART_SetConfig
 .text.UART_AdvFeatureConfig
                0x08003de4      0x168 ./Drivers/STM32L0xx_HAL_Driver/Src/stm32l0xx_hal_uart.o
                0x08003de4                UART_AdvFeatureConfig
 .text.UART_CheckIdleState
                0x08003f4c      0x150 ./Drivers/STM32L0xx_HAL_Driver/Src/stm32l0xx_hal_uart.o
                0x08003f4c                UART_CheckIdleState
 .text.UART_WaitOnFlagUntilTimeout
                0x0800409c       0xde ./Drivers/STM32L0xx_HAL_Driver/Src/stm32l0xx_hal_uart.o
                0x0800409c                UART_WaitOnFlagUntilTimeout
 *fill*         0x0800417a        0x2 
 .text.UART_Start_Receive_IT
                0x0800417c      0x194 ./Drivers/STM32L0xx_HAL_Driver/Src/stm32l0xx_hal_uart.o
                0x0800417c                UART_Start_Receive_IT
 .text.UART_EndRxTransfer
                0x08004310       0xc8 ./Drivers/STM32L0xx_HAL_Driver/Src/stm32l0xx_hal_uart.o
 .text.UART_DMAAbortOnError
                0x080043d8       0x26 ./Drivers/STM32L0xx_HAL_Driver/Src/stm32l0xx_hal_uart.o
 .text.UART_EndTransmit_IT
                0x080043fe       0x56 ./Drivers/STM32L0xx_HAL_Driver/Src/stm32l0xx_hal_uart.o
 .text.UART_RxISR_8BIT
                0x08004454      0x1c4 ./Drivers/STM32L0xx_HAL_Driver/Src/stm32l0xx_hal_uart.o
 .text.UART_RxISR_16BIT
                0x08004618      0x1c4 ./Drivers/STM32L0xx_HAL_Driver/Src/stm32l0xx_hal_uart.o
 .text.HAL_UARTEx_WakeupCallback
                0x080047dc       0x10 ./Drivers/STM32L0xx_HAL_Driver/Src/stm32l0xx_hal_uart_ex.o
                0x080047dc                HAL_UARTEx_WakeupCallback
 .text.memset   0x080047ec       0x10 /opt/st/stm32cubeide_1.17.0/plugins/com.st.stm32cube.ide.mcu.externaltools.gnu-tools-for-stm32.12.3.rel1.linux64_1.1.0.202410170702/tools/bin/../lib/gcc/arm-none-eabi/12.3.1/../../../../arm-none-eabi/lib/thumb/v6-m/nofp/libc_nano.a(libc_a-memset.o)
                0x080047ec                memset
 .text.__libc_init_array
                0x080047fc       0x48 /opt/st/stm32cubeide_1.17.0/plugins/com.st.stm32cube.ide.mcu.externaltools.gnu-tools-for-stm32.12.3.rel1.linux64_1.1.0.202410170702/tools/bin/../lib/gcc/arm-none-eabi/12.3.1/../../../../arm-none-eabi/lib/thumb/v6-m/nofp/libc_nano.a(libc_a-init.o)
                0x080047fc                __libc_init_array
 *(.glue_7)
 .glue_7        0x08004844        0x0 linker stubs
 *(.glue_7t)
 .glue_7t       0x08004844        0x0 linker stubs
 *(.eh_frame)
 .eh_frame      0x08004844        0x0 /opt/st/stm32cubeide_1.17.0/plugins/com.st.stm32cube.ide.mcu.externaltools.gnu-tools-for-stm32.12.3.rel1.linux64_1.1.0.202410170702/tools/bin/../lib/gcc/arm-none-eabi/12.3.1/thumb/v6-m/nofp/crtbegin.o
 *(.init)
 .init          0x08004844        0x4 /opt/st/stm32cubeide_1.17.0/plugins/com.st.stm32cube.ide.mcu.externaltools.gnu-tools-for-stm32.12.3.rel1.linux64_1.1.0.202410170702/tools/bin/../lib/gcc/arm-none-eabi/12.3.1/thumb/v6-m/nofp/crti.o
                0x08004844                _init
 .init          0x08004848        0x8 /opt/st/stm32cubeide_1.17.0/plugins/com.st.stm32cube.ide.mcu.externaltools.gnu-tools-for-stm32.12.3.rel1.linux64_1.1.0.202410170702/tools/bin/../lib/gcc/arm-none-eabi/12.3.1/thumb/v6-m/nofp/crtn.o
 *(.fini)
 .fini          0x08004850        0x4 /opt/st/stm32cubeide_1.17.0/plugins/com.st.stm32cube.ide.mcu.externaltools.gnu-tools-for-stm32.12.3.rel1.linux64_1.1.0.202410170702/tools/bin/../lib/gcc/arm-none-eabi/12.3.1/thumb/v6-m/nofp/crti.o
                0x08004850                _fini
 .fini          0x08004854        0x8 /opt/st/stm32cubeide_1.17.0/plugins/com.st.stm32cube.ide.mcu.externaltools.gnu-tools-for-stm32.12.3.rel1.linux64_1.1.0.202410170702/tools/bin/../lib/gcc/arm-none-eabi/12.3.1/thumb/v6-m/nofp/crtn.o
                0x0800485c                        . = ALIGN (0x4)
                0x0800485c                        _etext = .

.vfp11_veneer   0x0800485c        0x0
 .vfp11_veneer  0x0800485c        0x0 linker stubs

.v4_bx          0x0800485c        0x0
 .v4_bx         0x0800485c        0x0 linker stubs

.iplt           0x0800485c        0x0
 .iplt          0x0800485c        0x0 /opt/st/stm32cubeide_1.17.0/plugins/com.st.stm32cube.ide.mcu.externaltools.gnu-tools-for-stm32.12.3.rel1.linux64_1.1.0.202410170702/tools/bin/../lib/gcc/arm-none-eabi/12.3.1/thumb/v6-m/nofp/crtbegin.o

.rodata         0x0800485c      0x1cc
                0x0800485c                        . = ALIGN (0x4)
 *(.rodata)
 .rodata        0x0800485c        0xc ./Core/Src/command_parser.o
 .rodata        0x08004868        0x3 ./Core/Src/main.o
 *(.rodata*)
 *fill*         0x0800486b        0x1 
 .rodata.ParseCommand
                0x0800486c      0x150 ./Core/Src/command_parser.o
 .rodata.AHBPrescTable
                0x080049bc       0x10 ./Core/Src/system_stm32l0xx.o
                0x080049bc                AHBPrescTable
 .rodata.APBPrescTable
                0x080049cc        0x8 ./Core/Src/system_stm32l0xx.o
                0x080049cc                APBPrescTable
 .rodata.PLLMulTable
                0x080049d4        0x9 ./Core/Src/system_stm32l0xx.o
                0x080049d4                PLLMulTable
 *fill*         0x080049dd        0x3 
 .rodata.UART_SetConfig
                0x080049e0       0x48 ./Drivers/STM32L0xx_HAL_Driver/Src/stm32l0xx_hal_uart.o
                0x08004a28                        . = ALIGN (0x4)

.ARM.extab      0x08004a28        0x0
                0x08004a28                        . = ALIGN (0x4)
 *(.ARM.extab* .gnu.linkonce.armextab.*)
                0x08004a28                        . = ALIGN (0x4)

.ARM            0x08004a28        0x8
                0x08004a28                        . = ALIGN (0x4)
                0x08004a28                        __exidx_start = .
 *(.ARM.exidx*)
 .ARM.exidx     0x08004a28        0x8 /opt/st/stm32cubeide_1.17.0/plugins/com.st.stm32cube.ide.mcu.externaltools.gnu-tools-for-stm32.12.3.rel1.linux64_1.1.0.202410170702/tools/bin/../lib/gcc/arm-none-eabi/12.3.1/thumb/v6-m/nofp/libgcc.a(_udivmoddi4.o)
                0x08004a30                        __exidx_end = .
                0x08004a30                        . = ALIGN (0x4)

.preinit_array  0x08004a30        0x0
                0x08004a30                        . = ALIGN (0x4)
                0x08004a30                        PROVIDE (__preinit_array_start = .)
 *(.preinit_array*)
                0x08004a30                        PROVIDE (__preinit_array_end = .)
                0x08004a30                        . = ALIGN (0x4)

.init_array     0x08004a30        0x4
                0x08004a30                        . = ALIGN (0x4)
                0x08004a30                        PROVIDE (__init_array_start = .)
 *(SORT_BY_NAME(.init_array.*))
 *(.init_array*)
 .init_array    0x08004a30        0x4 /opt/st/stm32cubeide_1.17.0/plugins/com.st.stm32cube.ide.mcu.externaltools.gnu-tools-for-stm32.12.3.rel1.linux64_1.1.0.202410170702/tools/bin/../lib/gcc/arm-none-eabi/12.3.1/thumb/v6-m/nofp/crtbegin.o
                0x08004a34                        PROVIDE (__init_array_end = .)
                0x08004a34                        . = ALIGN (0x4)

.fini_array     0x08004a34        0x4
                0x08004a34                        . = ALIGN (0x4)
                [!provide]                        PROVIDE (__fini_array_start = .)
 *(SORT_BY_NAME(.fini_array.*))
 *(.fini_array*)
 .fini_array    0x08004a34        0x4 /opt/st/stm32cubeide_1.17.0/plugins/com.st.stm32cube.ide.mcu.externaltools.gnu-tools-for-stm32.12.3.rel1.linux64_1.1.0.202410170702/tools/bin/../lib/gcc/arm-none-eabi/12.3.1/thumb/v6-m/nofp/crtbegin.o
                [!provide]                        PROVIDE (__fini_array_end = .)
                0x08004a38                        . = ALIGN (0x4)
                0x08004a38                        _sidata = LOADADDR (.data)

.rel.dyn        0x08004a38        0x0
 .rel.iplt      0x08004a38        0x0 /opt/st/stm32cubeide_1.17.0/plugins/com.st.stm32cube.ide.mcu.externaltools.gnu-tools-for-stm32.12.3.rel1.linux64_1.1.0.202410170702/tools/bin/../lib/gcc/arm-none-eabi/12.3.1/thumb/v6-m/nofp/crtbegin.o

.data           0x20000000       0xac load address 0x08004a38
                0x20000000                        . = ALIGN (0x4)
                0x20000000                        _sdata = .
 *(.data)
 *(.data*)
 .data.azm_motor_state
                0x20000000       0x50 ./Core/Src/system_state.o
                0x20000000                azm_motor_state
 .data.elv_motor_state
                0x20000050       0x50 ./Core/Src/system_state.o
                0x20000050                elv_motor_state
 .data.SystemCoreClock
                0x200000a0        0x4 ./Core/Src/system_stm32l0xx.o
                0x200000a0                SystemCoreClock
 .data.uwTickPrio
                0x200000a4        0x4 ./Drivers/STM32L0xx_HAL_Driver/Src/stm32l0xx_hal.o
                0x200000a4                uwTickPrio
 .data.uwTickFreq
                0x200000a8        0x1 ./Drivers/STM32L0xx_HAL_Driver/Src/stm32l0xx_hal.o
                0x200000a8                uwTickFreq
 *(.RamFunc)
 *(.RamFunc*)
                0x200000ac                        . = ALIGN (0x4)
 *fill*         0x200000a9        0x3 
                0x200000ac                        _edata = .

.igot.plt       0x200000ac        0x0 load address 0x08004ae4
 .igot.plt      0x200000ac        0x0 /opt/st/stm32cubeide_1.17.0/plugins/com.st.stm32cube.ide.mcu.externaltools.gnu-tools-for-stm32.12.3.rel1.linux64_1.1.0.202410170702/tools/bin/../lib/gcc/arm-none-eabi/12.3.1/thumb/v6-m/nofp/crtbegin.o
                0x200000ac                        . = ALIGN (0x4)

.bss            0x200000ac      0x230 load address 0x08004ae4
                0x200000ac                        _sbss = .
                0x200000ac                        __bss_start__ = _sbss
 *(.bss)
 .bss           0x200000ac       0x1c /opt/st/stm32cubeide_1.17.0/plugins/com.st.stm32cube.ide.mcu.externaltools.gnu-tools-for-stm32.12.3.rel1.linux64_1.1.0.202410170702/tools/bin/../lib/gcc/arm-none-eabi/12.3.1/thumb/v6-m/nofp/crtbegin.o
 *(.bss*)
 .bss.htim21    0x200000c8       0x40 ./Core/Src/main.o
                0x200000c8                htim21
 .bss.htim22    0x20000108       0x40 ./Core/Src/main.o
                0x20000108                htim22
 .bss.huart2    0x20000148       0x88 ./Core/Src/main.o
                0x20000148                huart2
 .bss.uart_state
                0x200001d0        0x1 ./Core/Src/uart_handler.o
                0x200001d0                uart_state
 *fill*         0x200001d1        0x3 
 .bss.rx_buffer
                0x200001d4      0x100 ./Core/Src/uart_handler.o
                0x200001d4                rx_buffer
 .bss.msg_length
                0x200002d4        0x1 ./Core/Src/uart_handler.o
                0x200002d4                msg_length
 *fill*         0x200002d5        0x3 
 .bss.uwTick    0x200002d8        0x4 ./Drivers/STM32L0xx_HAL_Driver/Src/stm32l0xx_hal.o
                0x200002d8                uwTick
 *(COMMON)
                0x200002dc                        . = ALIGN (0x4)
                0x200002dc                        _ebss = .
                0x200002dc                        __bss_end__ = _ebss

._user_heap_stack
                0x200002dc      0x604 load address 0x08004ae4
                0x200002e0                        . = ALIGN (0x8)
 *fill*         0x200002dc        0x4 
                [!provide]                        PROVIDE (end = .)
                0x200002e0                        PROVIDE (_end = .)
                0x200004e0                        . = (. + _Min_Heap_Size)
 *fill*         0x200002e0      0x200 
                0x200008e0                        . = (. + _Min_Stack_Size)
 *fill*         0x200004e0      0x400 
                0x200008e0                        . = ALIGN (0x8)

/DISCARD/
 libc.a(*)
 libm.a(*)
 libgcc.a(*)

.ARM.attributes
                0x00000000       0x28
 *(.ARM.attributes)
 .ARM.attributes
                0x00000000       0x1e /opt/st/stm32cubeide_1.17.0/plugins/com.st.stm32cube.ide.mcu.externaltools.gnu-tools-for-stm32.12.3.rel1.linux64_1.1.0.202410170702/tools/bin/../lib/gcc/arm-none-eabi/12.3.1/thumb/v6-m/nofp/crti.o
 .ARM.attributes
                0x0000001e       0x2c /opt/st/stm32cubeide_1.17.0/plugins/com.st.stm32cube.ide.mcu.externaltools.gnu-tools-for-stm32.12.3.rel1.linux64_1.1.0.202410170702/tools/bin/../lib/gcc/arm-none-eabi/12.3.1/thumb/v6-m/nofp/crtbegin.o
 .ARM.attributes
                0x0000004a       0x2c ./Core/Src/command_parser.o
 .ARM.attributes
                0x00000076       0x2c ./Core/Src/main.o
 .ARM.attributes
                0x000000a2       0x2c ./Core/Src/motor_controls.o
 .ARM.attributes
                0x000000ce       0x2c ./Core/Src/stm32l0xx_hal_msp.o
 .ARM.attributes
                0x000000fa       0x2c ./Core/Src/stm32l0xx_it.o
 .ARM.attributes
                0x00000126       0x2c ./Core/Src/system_state.o
 .ARM.attributes
                0x00000152       0x2c ./Core/Src/system_stm32l0xx.o
 .ARM.attributes
                0x0000017e       0x2c ./Core/Src/uart_handler.o
 .ARM.attributes
                0x000001aa       0x22 ./Core/Startup/startup_stm32l010rbtx.o
 .ARM.attributes
                0x000001cc       0x2c ./Drivers/STM32L0xx_HAL_Driver/Src/stm32l0xx_hal.o
 .ARM.attributes
                0x000001f8       0x2c ./Drivers/STM32L0xx_HAL_Driver/Src/stm32l0xx_hal_cortex.o
 .ARM.attributes
                0x00000224       0x2c ./Drivers/STM32L0xx_HAL_Driver/Src/stm32l0xx_hal_dma.o
 .ARM.attributes
                0x00000250       0x2c ./Drivers/STM32L0xx_HAL_Driver/Src/stm32l0xx_hal_gpio.o
 .ARM.attributes
                0x0000027c       0x2c ./Drivers/STM32L0xx_HAL_Driver/Src/stm32l0xx_hal_rcc.o
 .ARM.attributes
                0x000002a8       0x2c ./Drivers/STM32L0xx_HAL_Driver/Src/stm32l0xx_hal_rcc_ex.o
 .ARM.attributes
                0x000002d4       0x2c ./Drivers/STM32L0xx_HAL_Driver/Src/stm32l0xx_hal_tim.o
 .ARM.attributes
                0x00000300       0x2c ./Drivers/STM32L0xx_HAL_Driver/Src/stm32l0xx_hal_tim_ex.o
 .ARM.attributes
                0x0000032c       0x2c ./Drivers/STM32L0xx_HAL_Driver/Src/stm32l0xx_hal_uart.o
 .ARM.attributes
                0x00000358       0x2c ./Drivers/STM32L0xx_HAL_Driver/Src/stm32l0xx_hal_uart_ex.o
 .ARM.attributes
                0x00000384       0x2c /opt/st/stm32cubeide_1.17.0/plugins/com.st.stm32cube.ide.mcu.externaltools.gnu-tools-for-stm32.12.3.rel1.linux64_1.1.0.202410170702/tools/bin/../lib/gcc/arm-none-eabi/12.3.1/../../../../arm-none-eabi/lib/thumb/v6-m/nofp/libc_nano.a(libc_a-memset.o)
 .ARM.attributes
                0x000003b0       0x2c /opt/st/stm32cubeide_1.17.0/plugins/com.st.stm32cube.ide.mcu.externaltools.gnu-tools-for-stm32.12.3.rel1.linux64_1.1.0.202410170702/tools/bin/../lib/gcc/arm-none-eabi/12.3.1/../../../../arm-none-eabi/lib/thumb/v6-m/nofp/libc_nano.a(libc_a-init.o)
 .ARM.attributes
                0x000003dc       0x1e /opt/st/stm32cubeide_1.17.0/plugins/com.st.stm32cube.ide.mcu.externaltools.gnu-tools-for-stm32.12.3.rel1.linux64_1.1.0.202410170702/tools/bin/../lib/gcc/arm-none-eabi/12.3.1/thumb/v6-m/nofp/libgcc.a(_udivsi3.o)
 .ARM.attributes
                0x000003fa       0x1e /opt/st/stm32cubeide_1.17.0/plugins/com.st.stm32cube.ide.mcu.externaltools.gnu-tools-for-stm32.12.3.rel1.linux64_1.1.0.202410170702/tools/bin/../lib/gcc/arm-none-eabi/12.3.1/thumb/v6-m/nofp/libgcc.a(_divsi3.o)
 .ARM.attributes
                0x00000418       0x1e /opt/st/stm32cubeide_1.17.0/plugins/com.st.stm32cube.ide.mcu.externaltools.gnu-tools-for-stm32.12.3.rel1.linux64_1.1.0.202410170702/tools/bin/../lib/gcc/arm-none-eabi/12.3.1/thumb/v6-m/nofp/libgcc.a(_dvmd_tls.o)
 .ARM.attributes
                0x00000436       0x1e /opt/st/stm32cubeide_1.17.0/plugins/com.st.stm32cube.ide.mcu.externaltools.gnu-tools-for-stm32.12.3.rel1.linux64_1.1.0.202410170702/tools/bin/../lib/gcc/arm-none-eabi/12.3.1/thumb/v6-m/nofp/libgcc.a(_aeabi_uldivmod.o)
 .ARM.attributes
                0x00000454       0x2c /opt/st/stm32cubeide_1.17.0/plugins/com.st.stm32cube.ide.mcu.externaltools.gnu-tools-for-stm32.12.3.rel1.linux64_1.1.0.202410170702/tools/bin/../lib/gcc/arm-none-eabi/12.3.1/thumb/v6-m/nofp/libgcc.a(_udivmoddi4.o)
 .ARM.attributes
                0x00000480       0x1e /opt/st/stm32cubeide_1.17.0/plugins/com.st.stm32cube.ide.mcu.externaltools.gnu-tools-for-stm32.12.3.rel1.linux64_1.1.0.202410170702/tools/bin/../lib/gcc/arm-none-eabi/12.3.1/thumb/v6-m/nofp/libgcc.a(_clzdi2.o)
 .ARM.attributes
                0x0000049e       0x1e /opt/st/stm32cubeide_1.17.0/plugins/com.st.stm32cube.ide.mcu.externaltools.gnu-tools-for-stm32.12.3.rel1.linux64_1.1.0.202410170702/tools/bin/../lib/gcc/arm-none-eabi/12.3.1/thumb/v6-m/nofp/libgcc.a(_clzsi2.o)
 .ARM.attributes
                0x000004bc       0x1e /opt/st/stm32cubeide_1.17.0/plugins/com.st.stm32cube.ide.mcu.externaltools.gnu-tools-for-stm32.12.3.rel1.linux64_1.1.0.202410170702/tools/bin/../lib/gcc/arm-none-eabi/12.3.1/thumb/v6-m/nofp/crtn.o
OUTPUT(motor_control.elf elf32-littlearm)
LOAD linker stubs
LOAD /opt/st/stm32cubeide_1.17.0/plugins/com.st.stm32cube.ide.mcu.externaltools.gnu-tools-for-stm32.12.3.rel1.linux64_1.1.0.202410170702/tools/bin/../lib/gcc/arm-none-eabi/12.3.1/../../../../arm-none-eabi/lib/thumb/v6-m/nofp/libc.a
LOAD /opt/st/stm32cubeide_1.17.0/plugins/com.st.stm32cube.ide.mcu.externaltools.gnu-tools-for-stm32.12.3.rel1.linux64_1.1.0.202410170702/tools/bin/../lib/gcc/arm-none-eabi/12.3.1/../../../../arm-none-eabi/lib/thumb/v6-m/nofp/libm.a
LOAD /opt/st/stm32cubeide_1.17.0/plugins/com.st.stm32cube.ide.mcu.externaltools.gnu-tools-for-stm32.12.3.rel1.linux64_1.1.0.202410170702/tools/bin/../lib/gcc/arm-none-eabi/12.3.1/thumb/v6-m/nofp/libgcc.a

.debug_info     0x00000000     0xf009
 .debug_info    0x00000000      0xcd8 ./Core/Src/command_parser.o
 .debug_info    0x00000cd8     0x1131 ./Core/Src/main.o
 .debug_info    0x00001e09      0x8e5 ./Core/Src/motor_controls.o
 .debug_info    0x000026ee      0xd45 ./Core/Src/stm32l0xx_hal_msp.o
 .debug_info    0x00003433      0x9f5 ./Core/Src/stm32l0xx_it.o
 .debug_info    0x00003e28      0x6ae ./Core/Src/system_state.o
 .debug_info    0x000044d6      0x2d0 ./Core/Src/system_stm32l0xx.o
 .debug_info    0x000047a6      0x73c ./Core/Src/uart_handler.o
 .debug_info    0x00004ee2       0x30 ./Core/Startup/startup_stm32l010rbtx.o
 .debug_info    0x00004f12      0x812 ./Drivers/STM32L0xx_HAL_Driver/Src/stm32l0xx_hal.o
 .debug_info    0x00005724      0x672 ./Drivers/STM32L0xx_HAL_Driver/Src/stm32l0xx_hal_cortex.o
 .debug_info    0x00005d96      0x70b ./Drivers/STM32L0xx_HAL_Driver/Src/stm32l0xx_hal_dma.o
 .debug_info    0x000064a1      0x62c ./Drivers/STM32L0xx_HAL_Driver/Src/stm32l0xx_hal_gpio.o
 .debug_info    0x00006acd      0x93f ./Drivers/STM32L0xx_HAL_Driver/Src/stm32l0xx_hal_rcc.o
 .debug_info    0x0000740c      0x46d ./Drivers/STM32L0xx_HAL_Driver/Src/stm32l0xx_hal_rcc_ex.o
 .debug_info    0x00007879     0x27d1 ./Drivers/STM32L0xx_HAL_Driver/Src/stm32l0xx_hal_tim.o
 .debug_info    0x0000a04a      0x6af ./Drivers/STM32L0xx_HAL_Driver/Src/stm32l0xx_hal_tim_ex.o
 .debug_info    0x0000a6f9     0x3b66 ./Drivers/STM32L0xx_HAL_Driver/Src/stm32l0xx_hal_uart.o
 .debug_info    0x0000e25f      0xdaa ./Drivers/STM32L0xx_HAL_Driver/Src/stm32l0xx_hal_uart_ex.o

.debug_abbrev   0x00000000     0x25f0
 .debug_abbrev  0x00000000      0x290 ./Core/Src/command_parser.o
 .debug_abbrev  0x00000290      0x2d0 ./Core/Src/main.o
 .debug_abbrev  0x00000560      0x1fe ./Core/Src/motor_controls.o
 .debug_abbrev  0x0000075e      0x1cf ./Core/Src/stm32l0xx_hal_msp.o
 .debug_abbrev  0x0000092d      0x1ab ./Core/Src/stm32l0xx_it.o
 .debug_abbrev  0x00000ad8      0x152 ./Core/Src/system_state.o
 .debug_abbrev  0x00000c2a      0x11c ./Core/Src/system_stm32l0xx.o
 .debug_abbrev  0x00000d46      0x1bc ./Core/Src/uart_handler.o
 .debug_abbrev  0x00000f02       0x24 ./Core/Startup/startup_stm32l010rbtx.o
 .debug_abbrev  0x00000f26      0x2a4 ./Drivers/STM32L0xx_HAL_Driver/Src/stm32l0xx_hal.o
 .debug_abbrev  0x000011ca      0x26f ./Drivers/STM32L0xx_HAL_Driver/Src/stm32l0xx_hal_cortex.o
 .debug_abbrev  0x00001439      0x1cd ./Drivers/STM32L0xx_HAL_Driver/Src/stm32l0xx_hal_dma.o
 .debug_abbrev  0x00001606      0x1cb ./Drivers/STM32L0xx_HAL_Driver/Src/stm32l0xx_hal_gpio.o
 .debug_abbrev  0x000017d1      0x296 ./Drivers/STM32L0xx_HAL_Driver/Src/stm32l0xx_hal_rcc.o
 .debug_abbrev  0x00001a67      0x1d2 ./Drivers/STM32L0xx_HAL_Driver/Src/stm32l0xx_hal_rcc_ex.o
 .debug_abbrev  0x00001c39      0x272 ./Drivers/STM32L0xx_HAL_Driver/Src/stm32l0xx_hal_tim.o
 .debug_abbrev  0x00001eab      0x1ab ./Drivers/STM32L0xx_HAL_Driver/Src/stm32l0xx_hal_tim_ex.o
 .debug_abbrev  0x00002056      0x2e0 ./Drivers/STM32L0xx_HAL_Driver/Src/stm32l0xx_hal_uart.o
 .debug_abbrev  0x00002336      0x2ba ./Drivers/STM32L0xx_HAL_Driver/Src/stm32l0xx_hal_uart_ex.o

.debug_aranges  0x00000000      0xc18
 .debug_aranges
                0x00000000       0x48 ./Core/Src/command_parser.o
 .debug_aranges
                0x00000048       0x50 ./Core/Src/main.o
 .debug_aranges
                0x00000098       0x38 ./Core/Src/motor_controls.o
 .debug_aranges
                0x000000d0       0x40 ./Core/Src/stm32l0xx_hal_msp.o
 .debug_aranges
                0x00000110       0x58 ./Core/Src/stm32l0xx_it.o
 .debug_aranges
                0x00000168       0x18 ./Core/Src/system_state.o
 .debug_aranges
                0x00000180       0x28 ./Core/Src/system_stm32l0xx.o
 .debug_aranges
                0x000001a8       0x28 ./Core/Src/uart_handler.o
 .debug_aranges
                0x000001d0       0x28 ./Core/Startup/startup_stm32l010rbtx.o
 .debug_aranges
                0x000001f8      0x110 ./Drivers/STM32L0xx_HAL_Driver/Src/stm32l0xx_hal.o
 .debug_aranges
                0x00000308       0xc0 ./Drivers/STM32L0xx_HAL_Driver/Src/stm32l0xx_hal_cortex.o
 .debug_aranges
                0x000003c8       0x80 ./Drivers/STM32L0xx_HAL_Driver/Src/stm32l0xx_hal_dma.o
 .debug_aranges
                0x00000448       0x58 ./Drivers/STM32L0xx_HAL_Driver/Src/stm32l0xx_hal_gpio.o
 .debug_aranges
                0x000004a0       0x80 ./Drivers/STM32L0xx_HAL_Driver/Src/stm32l0xx_hal_rcc.o
 .debug_aranges
                0x00000520       0x58 ./Drivers/STM32L0xx_HAL_Driver/Src/stm32l0xx_hal_rcc_ex.o
 .debug_aranges
                0x00000578      0x3d0 ./Drivers/STM32L0xx_HAL_Driver/Src/stm32l0xx_hal_tim.o
 .debug_aranges
                0x00000948       0x28 ./Drivers/STM32L0xx_HAL_Driver/Src/stm32l0xx_hal_tim_ex.o
 .debug_aranges
                0x00000970      0x228 ./Drivers/STM32L0xx_HAL_Driver/Src/stm32l0xx_hal_uart.o
 .debug_aranges
                0x00000b98       0x80 ./Drivers/STM32L0xx_HAL_Driver/Src/stm32l0xx_hal_uart_ex.o

.debug_rnglists
                0x00000000      0x949
 .debug_rnglists
                0x00000000       0x32 ./Core/Src/command_parser.o
 .debug_rnglists
                0x00000032       0x3b ./Core/Src/main.o
 .debug_rnglists
                0x0000006d       0x28 ./Core/Src/motor_controls.o
 .debug_rnglists
                0x00000095       0x2c ./Core/Src/stm32l0xx_hal_msp.o
 .debug_rnglists
                0x000000c1       0x3d ./Core/Src/stm32l0xx_it.o
 .debug_rnglists
                0x000000fe       0x1a ./Core/Src/system_stm32l0xx.o
 .debug_rnglists
                0x00000118       0x1a ./Core/Src/uart_handler.o
 .debug_rnglists
                0x00000132       0x1a ./Core/Startup/startup_stm32l010rbtx.o
 .debug_rnglists
                0x0000014c       0xc7 ./Drivers/STM32L0xx_HAL_Driver/Src/stm32l0xx_hal.o
 .debug_rnglists
                0x00000213       0x8c ./Drivers/STM32L0xx_HAL_Driver/Src/stm32l0xx_hal_cortex.o
 .debug_rnglists
                0x0000029f       0x65 ./Drivers/STM32L0xx_HAL_Driver/Src/stm32l0xx_hal_dma.o
 .debug_rnglists
                0x00000304       0x3f ./Drivers/STM32L0xx_HAL_Driver/Src/stm32l0xx_hal_gpio.o
 .debug_rnglists
                0x00000343       0x61 ./Drivers/STM32L0xx_HAL_Driver/Src/stm32l0xx_hal_rcc.o
 .debug_rnglists
                0x000003a4       0x40 ./Drivers/STM32L0xx_HAL_Driver/Src/stm32l0xx_hal_rcc_ex.o
 .debug_rnglists
                0x000003e4      0x310 ./Drivers/STM32L0xx_HAL_Driver/Src/stm32l0xx_hal_tim.o
 .debug_rnglists
                0x000006f4       0x1a ./Drivers/STM32L0xx_HAL_Driver/Src/stm32l0xx_hal_tim_ex.o
 .debug_rnglists
                0x0000070e      0x1db ./Drivers/STM32L0xx_HAL_Driver/Src/stm32l0xx_hal_uart.o
 .debug_rnglists
                0x000008e9       0x60 ./Drivers/STM32L0xx_HAL_Driver/Src/stm32l0xx_hal_uart_ex.o

.debug_macro    0x00000000    0x116d2
 .debug_macro   0x00000000      0x1e9 ./Core/Src/command_parser.o
 .debug_macro   0x000001e9      0xa8a ./Core/Src/command_parser.o
 .debug_macro   0x00000c73      0x125 ./Core/Src/command_parser.o
 .debug_macro   0x00000d98       0x2e ./Core/Src/command_parser.o
 .debug_macro   0x00000dc6       0x28 ./Core/Src/command_parser.o
 .debug_macro   0x00000dee       0x22 ./Core/Src/command_parser.o
 .debug_macro   0x00000e10       0x8e ./Core/Src/command_parser.o
 .debug_macro   0x00000e9e       0x51 ./Core/Src/command_parser.o
 .debug_macro   0x00000eef      0x103 ./Core/Src/command_parser.o
 .debug_macro   0x00000ff2       0x6a ./Core/Src/command_parser.o
 .debug_macro   0x0000105c      0x1df ./Core/Src/command_parser.o
 .debug_macro   0x0000123b       0x1c ./Core/Src/command_parser.o
 .debug_macro   0x00001257       0x22 ./Core/Src/command_parser.o
 .debug_macro   0x00001279       0xaf ./Core/Src/command_parser.o
 .debug_macro   0x00001328      0x3ad ./Core/Src/command_parser.o
 .debug_macro   0x000016d5     0x7dbe ./Core/Src/command_parser.o
 .debug_macro   0x00009493       0x66 ./Core/Src/command_parser.o
 .debug_macro   0x000094f9     0x35a5 ./Core/Src/command_parser.o
 .debug_macro   0x0000ca9e      0x189 ./Core/Src/command_parser.o
 .debug_macro   0x0000cc27       0x5c ./Core/Src/command_parser.o
 .debug_macro   0x0000cc83      0x89f ./Core/Src/command_parser.o
 .debug_macro   0x0000d522      0x500 ./Core/Src/command_parser.o
 .debug_macro   0x0000da22      0x197 ./Core/Src/command_parser.o
 .debug_macro   0x0000dbb9      0x13f ./Core/Src/command_parser.o
 .debug_macro   0x0000dcf8      0x122 ./Core/Src/command_parser.o
 .debug_macro   0x0000de1a       0x82 ./Core/Src/command_parser.o
 .debug_macro   0x0000de9c      0x28e ./Core/Src/command_parser.o
 .debug_macro   0x0000e12a       0x28 ./Core/Src/command_parser.o
 .debug_macro   0x0000e152      0x128 ./Core/Src/command_parser.o
 .debug_macro   0x0000e27a      0x1bd ./Core/Src/command_parser.o
 .debug_macro   0x0000e437      0x22c ./Core/Src/command_parser.o
 .debug_macro   0x0000e663       0x5b ./Core/Src/command_parser.o
 .debug_macro   0x0000e6be       0xa5 ./Core/Src/command_parser.o
 .debug_macro   0x0000e763       0xb0 ./Core/Src/command_parser.o
 .debug_macro   0x0000e813       0x16 ./Core/Src/command_parser.o
 .debug_macro   0x0000e829      0x788 ./Core/Src/command_parser.o
 .debug_macro   0x0000efb1       0x7e ./Core/Src/command_parser.o
 .debug_macro   0x0000f02f      0x5cf ./Core/Src/command_parser.o
 .debug_macro   0x0000f5fe       0x44 ./Core/Src/command_parser.o
 .debug_macro   0x0000f642      0x10e ./Core/Src/command_parser.o
 .debug_macro   0x0000f750       0x16 ./Core/Src/command_parser.o
 .debug_macro   0x0000f766       0x4c ./Core/Src/command_parser.o
 .debug_macro   0x0000f7b2      0x1f3 ./Core/Src/main.o
 .debug_macro   0x0000f9a5      0x1ea ./Core/Src/motor_controls.o
 .debug_macro   0x0000fb8f      0x1cd ./Core/Src/stm32l0xx_hal_msp.o
 .debug_macro   0x0000fd5c      0x1e1 ./Core/Src/stm32l0xx_it.o
 .debug_macro   0x0000ff3d      0x1cd ./Core/Src/system_state.o
 .debug_macro   0x0001010a      0x1c3 ./Core/Src/system_stm32l0xx.o
 .debug_macro   0x000102cd      0x1dc ./Core/Src/uart_handler.o
 .debug_macro   0x000104a9       0x10 ./Core/Src/uart_handler.o
 .debug_macro   0x000104b9      0x1e7 ./Drivers/STM32L0xx_HAL_Driver/Src/stm32l0xx_hal.o
 .debug_macro   0x000106a0      0x1c3 ./Drivers/STM32L0xx_HAL_Driver/Src/stm32l0xx_hal_cortex.o
 .debug_macro   0x00010863      0x1c3 ./Drivers/STM32L0xx_HAL_Driver/Src/stm32l0xx_hal_dma.o
 .debug_macro   0x00010a26      0x1ca ./Drivers/STM32L0xx_HAL_Driver/Src/stm32l0xx_hal_gpio.o
 .debug_macro   0x00010bf0      0x1e7 ./Drivers/STM32L0xx_HAL_Driver/Src/stm32l0xx_hal_rcc.o
 .debug_macro   0x00010dd7      0x1c3 ./Drivers/STM32L0xx_HAL_Driver/Src/stm32l0xx_hal_rcc_ex.o
 .debug_macro   0x00010f9a      0x1c4 ./Drivers/STM32L0xx_HAL_Driver/Src/stm32l0xx_hal_tim.o
 .debug_macro   0x0001115e      0x1c3 ./Drivers/STM32L0xx_HAL_Driver/Src/stm32l0xx_hal_tim_ex.o
 .debug_macro   0x00011321      0x1ee ./Drivers/STM32L0xx_HAL_Driver/Src/stm32l0xx_hal_uart.o
 .debug_macro   0x0001150f      0x1c3 ./Drivers/STM32L0xx_HAL_Driver/Src/stm32l0xx_hal_uart_ex.o

.debug_line     0x00000000     0xf144
 .debug_line    0x00000000      0x93e ./Core/Src/command_parser.o
 .debug_line    0x0000093e      0x88a ./Core/Src/main.o
 .debug_line    0x000011c8      0x7de ./Core/Src/motor_controls.o
 .debug_line    0x000019a6      0x760 ./Core/Src/stm32l0xx_hal_msp.o
 .debug_line    0x00002106      0x771 ./Core/Src/stm32l0xx_it.o
 .debug_line    0x00002877      0x69d ./Core/Src/system_state.o
 .debug_line    0x00002f14      0x763 ./Core/Src/system_stm32l0xx.o
 .debug_line    0x00003677      0x71e ./Core/Src/uart_handler.o
 .debug_line    0x00003d95       0x8d ./Core/Startup/startup_stm32l010rbtx.o
 .debug_line    0x00003e22      0xa1a ./Drivers/STM32L0xx_HAL_Driver/Src/stm32l0xx_hal.o
 .debug_line    0x0000483c      0x9dd ./Drivers/STM32L0xx_HAL_Driver/Src/stm32l0xx_hal_cortex.o
 .debug_line    0x00005219      0xc00 ./Drivers/STM32L0xx_HAL_Driver/Src/stm32l0xx_hal_dma.o
 .debug_line    0x00005e19      0xac7 ./Drivers/STM32L0xx_HAL_Driver/Src/stm32l0xx_hal_gpio.o
 .debug_line    0x000068e0      0xe21 ./Drivers/STM32L0xx_HAL_Driver/Src/stm32l0xx_hal_rcc.o
 .debug_line    0x00007701      0xa09 ./Drivers/STM32L0xx_HAL_Driver/Src/stm32l0xx_hal_rcc_ex.o
 .debug_line    0x0000810a     0x2f4a ./Drivers/STM32L0xx_HAL_Driver/Src/stm32l0xx_hal_tim.o
 .debug_line    0x0000b054      0x780 ./Drivers/STM32L0xx_HAL_Driver/Src/stm32l0xx_hal_tim_ex.o
 .debug_line    0x0000b7d4     0x2d2d ./Drivers/STM32L0xx_HAL_Driver/Src/stm32l0xx_hal_uart.o
 .debug_line    0x0000e501      0xc43 ./Drivers/STM32L0xx_HAL_Driver/Src/stm32l0xx_hal_uart_ex.o

.debug_str      0x00000000    0x69d08
 .debug_str     0x00000000    0x66e31 ./Core/Src/command_parser.o
                              0x671f8 (size before relaxing)
 .debug_str     0x00066e31      0x526 ./Core/Src/main.o
                              0x67488 (size before relaxing)
 .debug_str     0x00067357       0xc6 ./Core/Src/motor_controls.o
                              0x66eee (size before relaxing)
 .debug_str     0x0006741d      0x1d8 ./Core/Src/stm32l0xx_hal_msp.o
                              0x670e3 (size before relaxing)
 .debug_str     0x000675f5       0xcb ./Core/Src/stm32l0xx_it.o
                              0x66eb8 (size before relaxing)
 .debug_str     0x000676c0       0x1b ./Core/Src/system_state.o
                              0x66c52 (size before relaxing)
 .debug_str     0x000676db       0x99 ./Core/Src/system_stm32l0xx.o
                              0x667ee (size before relaxing)
 .debug_str     0x00067774       0xa9 ./Core/Src/uart_handler.o
                              0x66c2b (size before relaxing)
 .debug_str     0x0006781d       0x44 ./Core/Startup/startup_stm32l010rbtx.o
                                 0x82 (size before relaxing)
 .debug_str     0x00067861      0x488 ./Drivers/STM32L0xx_HAL_Driver/Src/stm32l0xx_hal.o
                              0x66e87 (size before relaxing)
 .debug_str     0x00067ce9      0x1a6 ./Drivers/STM32L0xx_HAL_Driver/Src/stm32l0xx_hal_cortex.o
                              0x66adc (size before relaxing)
 .debug_str     0x00067e8f      0x267 ./Drivers/STM32L0xx_HAL_Driver/Src/stm32l0xx_hal_dma.o
                              0x66b62 (size before relaxing)
 .debug_str     0x000680f6       0xcc ./Drivers/STM32L0xx_HAL_Driver/Src/stm32l0xx_hal_gpio.o
                              0x6698e (size before relaxing)
 .debug_str     0x000681c2      0x253 ./Drivers/STM32L0xx_HAL_Driver/Src/stm32l0xx_hal_rcc.o
                              0x66c82 (size before relaxing)
 .debug_str     0x00068415      0x120 ./Drivers/STM32L0xx_HAL_Driver/Src/stm32l0xx_hal_rcc_ex.o
                              0x669f2 (size before relaxing)
 .debug_str     0x00068535      0xd12 ./Drivers/STM32L0xx_HAL_Driver/Src/stm32l0xx_hal_tim.o
                              0x67ac6 (size before relaxing)
 .debug_str     0x00069247       0x57 ./Drivers/STM32L0xx_HAL_Driver/Src/stm32l0xx_hal_tim_ex.o
                              0x66c6b (size before relaxing)
 .debug_str     0x0006929e      0x873 ./Drivers/STM32L0xx_HAL_Driver/Src/stm32l0xx_hal_uart.o
                              0x675ae (size before relaxing)
 .debug_str     0x00069b11      0x1f7 ./Drivers/STM32L0xx_HAL_Driver/Src/stm32l0xx_hal_uart_ex.o
                              0x66e63 (size before relaxing)

.comment        0x00000000       0x43
 .comment       0x00000000       0x43 ./Core/Src/command_parser.o
                                 0x44 (size before relaxing)
 .comment       0x00000043       0x44 ./Core/Src/main.o
 .comment       0x00000043       0x44 ./Core/Src/motor_controls.o
 .comment       0x00000043       0x44 ./Core/Src/stm32l0xx_hal_msp.o
 .comment       0x00000043       0x44 ./Core/Src/stm32l0xx_it.o
 .comment       0x00000043       0x44 ./Core/Src/system_state.o
 .comment       0x00000043       0x44 ./Core/Src/system_stm32l0xx.o
 .comment       0x00000043       0x44 ./Core/Src/uart_handler.o
 .comment       0x00000043       0x44 ./Drivers/STM32L0xx_HAL_Driver/Src/stm32l0xx_hal.o
 .comment       0x00000043       0x44 ./Drivers/STM32L0xx_HAL_Driver/Src/stm32l0xx_hal_cortex.o
 .comment       0x00000043       0x44 ./Drivers/STM32L0xx_HAL_Driver/Src/stm32l0xx_hal_dma.o
 .comment       0x00000043       0x44 ./Drivers/STM32L0xx_HAL_Driver/Src/stm32l0xx_hal_gpio.o
 .comment       0x00000043       0x44 ./Drivers/STM32L0xx_HAL_Driver/Src/stm32l0xx_hal_rcc.o
 .comment       0x00000043       0x44 ./Drivers/STM32L0xx_HAL_Driver/Src/stm32l0xx_hal_rcc_ex.o
 .comment       0x00000043       0x44 ./Drivers/STM32L0xx_HAL_Driver/Src/stm32l0xx_hal_tim.o
 .comment       0x00000043       0x44 ./Drivers/STM32L0xx_HAL_Driver/Src/stm32l0xx_hal_tim_ex.o
 .comment       0x00000043       0x44 ./Drivers/STM32L0xx_HAL_Driver/Src/stm32l0xx_hal_uart.o
 .comment       0x00000043       0x44 ./Drivers/STM32L0xx_HAL_Driver/Src/stm32l0xx_hal_uart_ex.o

.debug_frame    0x00000000     0x2a1c
 .debug_frame   0x00000000       0xcc ./Core/Src/command_parser.o
 .debug_frame   0x000000cc       0xe4 ./Core/Src/main.o
 .debug_frame   0x000001b0       0x8c ./Core/Src/motor_controls.o
 .debug_frame   0x0000023c       0xac ./Core/Src/stm32l0xx_hal_msp.o
 .debug_frame   0x000002e8       0xf0 ./Core/Src/stm32l0xx_it.o
 .debug_frame   0x000003d8       0x4c ./Core/Src/system_stm32l0xx.o
 .debug_frame   0x00000424       0x4c ./Core/Src/uart_handler.o
 .debug_frame   0x00000470      0x394 ./Drivers/STM32L0xx_HAL_Driver/Src/stm32l0xx_hal.o
 .debug_frame   0x00000804      0x2a0 ./Drivers/STM32L0xx_HAL_Driver/Src/stm32l0xx_hal_cortex.o
 .debug_frame   0x00000aa4      0x1b0 ./Drivers/STM32L0xx_HAL_Driver/Src/stm32l0xx_hal_dma.o
 .debug_frame   0x00000c54      0x110 ./Drivers/STM32L0xx_HAL_Driver/Src/stm32l0xx_hal_gpio.o
 .debug_frame   0x00000d64      0x1a4 ./Drivers/STM32L0xx_HAL_Driver/Src/stm32l0xx_hal_rcc.o
 .debug_frame   0x00000f08       0xfc ./Drivers/STM32L0xx_HAL_Driver/Src/stm32l0xx_hal_rcc_ex.o
 .debug_frame   0x00001004      0xef8 ./Drivers/STM32L0xx_HAL_Driver/Src/stm32l0xx_hal_tim.o
 .debug_frame   0x00001efc       0x50 ./Drivers/STM32L0xx_HAL_Driver/Src/stm32l0xx_hal_tim_ex.o
 .debug_frame   0x00001f4c      0x854 ./Drivers/STM32L0xx_HAL_Driver/Src/stm32l0xx_hal_uart.o
 .debug_frame   0x000027a0      0x1b4 ./Drivers/STM32L0xx_HAL_Driver/Src/stm32l0xx_hal_uart_ex.o
 .debug_frame   0x00002954       0x20 /opt/st/stm32cubeide_1.17.0/plugins/com.st.stm32cube.ide.mcu.externaltools.gnu-tools-for-stm32.12.3.rel1.linux64_1.1.0.202410170702/tools/bin/../lib/gcc/arm-none-eabi/12.3.1/../../../../arm-none-eabi/lib/thumb/v6-m/nofp/libc_nano.a(libc_a-memset.o)
 .debug_frame   0x00002974       0x2c /opt/st/stm32cubeide_1.17.0/plugins/com.st.stm32cube.ide.mcu.externaltools.gnu-tools-for-stm32.12.3.rel1.linux64_1.1.0.202410170702/tools/bin/../lib/gcc/arm-none-eabi/12.3.1/../../../../arm-none-eabi/lib/thumb/v6-m/nofp/libc_nano.a(libc_a-init.o)
 .debug_frame   0x000029a0       0x20 /opt/st/stm32cubeide_1.17.0/plugins/com.st.stm32cube.ide.mcu.externaltools.gnu-tools-for-stm32.12.3.rel1.linux64_1.1.0.202410170702/tools/bin/../lib/gcc/arm-none-eabi/12.3.1/thumb/v6-m/nofp/libgcc.a(_udivsi3.o)
 .debug_frame   0x000029c0       0x20 /opt/st/stm32cubeide_1.17.0/plugins/com.st.stm32cube.ide.mcu.externaltools.gnu-tools-for-stm32.12.3.rel1.linux64_1.1.0.202410170702/tools/bin/../lib/gcc/arm-none-eabi/12.3.1/thumb/v6-m/nofp/libgcc.a(_divsi3.o)
 .debug_frame   0x000029e0       0x3c /opt/st/stm32cubeide_1.17.0/plugins/com.st.stm32cube.ide.mcu.externaltools.gnu-tools-for-stm32.12.3.rel1.linux64_1.1.0.202410170702/tools/bin/../lib/gcc/arm-none-eabi/12.3.1/thumb/v6-m/nofp/libgcc.a(_udivmoddi4.o)

.debug_line_str
                0x00000000       0x66
 .debug_line_str
                0x00000000       0x66 ./Core/Startup/startup_stm32l010rbtx.o
